// Jest Snapshot v1, https://goo.gl/fbAQLP

exports[`generates ok 1`] = `
Object {
  "campaigns": Array [
    Object {
      "name": "foo",
      "objective": "REACH",
      "special_ad_category": "NONE",
      "status": "PAUSED",
    },
  ],
  "version": "1.0",
}
`;
